2026-01-04 23:24:59,539 - __main__ - INFO - ================================================================================
2026-01-04 23:24:59,542 - __main__ - INFO - 🚀 INICIANDO ETL COMPLETO - POBLANDO TODO EL DATA WAREHOUSE
2026-01-04 23:24:59,547 - __main__ - INFO - ================================================================================
2026-01-04 23:24:59,549 - __main__ - INFO - 
================================================================================
2026-01-04 23:24:59,551 - __main__ - INFO - 📊 FASE 1: CARGANDO DIMENSIONES CONFORMADAS
2026-01-04 23:24:59,557 - __main__ - INFO - ================================================================================
2026-01-04 23:24:59,558 - __main__ - INFO - 
============================================================
2026-01-04 23:24:59,560 - __main__ - INFO - 📥 Procesando: dim_fecha
2026-01-04 23:24:59,560 - __main__ - INFO - ============================================================
2026-01-04 23:24:59,561 - etl_batch.transformers.complete_dimension_builder - INFO - 📅 Construyendo dim_fecha...
2026-01-04 23:24:59,678 - etl_batch.transformers.complete_dimension_builder - INFO - ✓ dim_fecha: 4,018 registros
2026-01-04 23:24:59,728 - __main__ - INFO - 💾 Guardado: data/processed/dim_fecha.parquet (4,018 registros)
2026-01-04 23:24:59,857 - etl_batch.loaders.simple_loader - INFO - 🗑️  Truncando tabla dim_fecha...
2026-01-04 23:25:01,361 - etl_batch.loaders.simple_loader - INFO - ✅ dim_fecha: 4,018 registros cargados exitosamente
2026-01-04 23:25:01,362 - __main__ - INFO - ✅ dim_fecha: 4,018 registros cargados
2026-01-04 23:25:01,363 - __main__ - INFO - 
============================================================
2026-01-04 23:25:01,364 - __main__ - INFO - 📥 Procesando: dim_usuario
2026-01-04 23:25:01,366 - __main__ - INFO - ============================================================
2026-01-04 23:25:01,367 - etl_batch.transformers.complete_dimension_builder - INFO - 👤 Construyendo dim_usuario...
/root/PuntaFina_DW_Oro/etl_batch/transformers/complete_dimension_builder.py:97: UserWarning: pandas only supports SQLAlchemy connectable (engine/connection) or database string URI or sqlite3 DBAPI2 connection. Other DBAPI2 objects are not tested. Please consider using SQLAlchemy.
  df = pd.read_sql_query(query, self.oro_conn)
2026-01-04 23:25:01,459 - etl_batch.transformers.complete_dimension_builder - INFO - ✓ dim_usuario: 54 registros desde oro_user
2026-01-04 23:25:01,470 - __main__ - INFO - 💾 Guardado: data/processed/dim_usuario.parquet (54 registros)
2026-01-04 23:25:01,523 - etl_batch.loaders.simple_loader - INFO - 🗑️  Truncando tabla dim_usuario...
2026-01-04 23:25:01,656 - etl_batch.loaders.simple_loader - INFO - ✅ dim_usuario: 54 registros cargados exitosamente
2026-01-04 23:25:01,657 - __main__ - INFO - ✅ dim_usuario: 54 registros cargados
2026-01-04 23:25:01,658 - __main__ - INFO - 
============================================================
2026-01-04 23:25:01,665 - __main__ - INFO - 📥 Procesando: dim_producto
2026-01-04 23:25:01,666 - __main__ - INFO - ============================================================
2026-01-04 23:25:01,666 - etl_batch.transformers.complete_dimension_builder - INFO - 📦 Construyendo dim_producto...
/root/PuntaFina_DW_Oro/etl_batch/transformers/complete_dimension_builder.py:118: UserWarning: pandas only supports SQLAlchemy connectable (engine/connection) or database string URI or sqlite3 DBAPI2 connection. Other DBAPI2 objects are not tested. Please consider using SQLAlchemy.
  df = pd.read_sql_query(query, self.oro_conn)
2026-01-04 23:25:01,720 - etl_batch.transformers.complete_dimension_builder - INFO - ✓ dim_producto: 64 registros desde oro_product
2026-01-04 23:25:01,733 - __main__ - INFO - 💾 Guardado: data/processed/dim_producto.parquet (64 registros)
2026-01-04 23:25:01,797 - etl_batch.loaders.simple_loader - INFO - 🗑️  Truncando tabla dim_producto...
2026-01-04 23:25:01,854 - etl_batch.loaders.simple_loader - INFO - ✅ dim_producto: 64 registros cargados exitosamente
2026-01-04 23:25:01,855 - __main__ - INFO - ✅ dim_producto: 64 registros cargados
2026-01-04 23:25:01,856 - __main__ - INFO - 
================================================================================
2026-01-04 23:25:01,857 - __main__ - INFO - 💰 FASE 2: CARGANDO DIMENSIONES DE VENTAS
2026-01-04 23:25:01,859 - __main__ - INFO - ================================================================================
2026-01-04 23:25:01,863 - __main__ - INFO - 
============================================================
2026-01-04 23:25:01,863 - __main__ - INFO - 📥 Procesando: dim_cliente
2026-01-04 23:25:01,867 - __main__ - INFO - ============================================================
2026-01-04 23:25:01,868 - etl_batch.transformers.complete_dimension_builder - INFO - 👥 Construyendo dim_cliente...
/root/PuntaFina_DW_Oro/etl_batch/transformers/complete_dimension_builder.py:145: UserWarning: pandas only supports SQLAlchemy connectable (engine/connection) or database string URI or sqlite3 DBAPI2 connection. Other DBAPI2 objects are not tested. Please consider using SQLAlchemy.
  df = pd.read_sql_query(query, self.oro_conn)
2026-01-04 23:25:02,088 - etl_batch.transformers.complete_dimension_builder - INFO - ✓ dim_cliente: 20,155 registros desde oro_customer
2026-01-04 23:25:02,177 - __main__ - INFO - 💾 Guardado: data/processed/dim_cliente.parquet (20,155 registros)
2026-01-04 23:25:02,335 - etl_batch.loaders.simple_loader - INFO - 🗑️  Truncando tabla dim_cliente...
2026-01-04 23:25:04,424 - etl_batch.loaders.simple_loader - INFO -    ↳ 5,000 / 20,155 registros insertados...
2026-01-04 23:25:06,350 - etl_batch.loaders.simple_loader - INFO -    ↳ 10,000 / 20,155 registros insertados...
2026-01-04 23:25:08,195 - etl_batch.loaders.simple_loader - INFO -    ↳ 15,000 / 20,155 registros insertados...
2026-01-04 23:25:10,124 - etl_batch.loaders.simple_loader - INFO -    ↳ 20,000 / 20,155 registros insertados...
2026-01-04 23:25:10,170 - etl_batch.loaders.simple_loader - INFO - ✅ dim_cliente: 20,155 registros cargados exitosamente
2026-01-04 23:25:10,174 - __main__ - INFO - ✅ dim_cliente: 20,155 registros cargados
2026-01-04 23:25:10,185 - __main__ - INFO - 
============================================================
2026-01-04 23:25:10,186 - __main__ - INFO - 📥 Procesando: dim_sitio_web
2026-01-04 23:25:10,186 - __main__ - INFO - ============================================================
2026-01-04 23:25:10,187 - etl_batch.transformers.complete_dimension_builder - INFO - 🌐 Construyendo dim_sitio_web...
/root/PuntaFina_DW_Oro/etl_batch/transformers/complete_dimension_builder.py:170: UserWarning: pandas only supports SQLAlchemy connectable (engine/connection) or database string URI or sqlite3 DBAPI2 connection. Other DBAPI2 objects are not tested. Please consider using SQLAlchemy.
  df = pd.read_sql_query(query, self.oro_conn)
2026-01-04 23:25:10,201 - etl_batch.transformers.complete_dimension_builder - INFO - ✓ dim_sitio_web: 0 registros desde oro_website
2026-01-04 23:25:10,202 - __main__ - WARNING - ⚠️  dim_sitio_web: Sin datos para cargar
2026-01-04 23:25:10,202 - __main__ - INFO - 
============================================================
2026-01-04 23:25:10,203 - __main__ - INFO - 📥 Procesando: dim_canal
2026-01-04 23:25:10,203 - __main__ - INFO - ============================================================
2026-01-04 23:25:10,204 - etl_batch.transformers.complete_dimension_builder - INFO - 📡 Construyendo dim_canal...
/root/PuntaFina_DW_Oro/etl_batch/transformers/complete_dimension_builder.py:191: UserWarning: pandas only supports SQLAlchemy connectable (engine/connection) or database string URI or sqlite3 DBAPI2 connection. Other DBAPI2 objects are not tested. Please consider using SQLAlchemy.
  df = pd.read_sql_query(query, self.oro_conn)
2026-01-04 23:25:10,215 - etl_batch.transformers.complete_dimension_builder - INFO - ✓ dim_canal: 2 registros
2026-01-04 23:25:10,223 - __main__ - INFO - 💾 Guardado: data/processed/dim_canal.parquet (2 registros)
2026-01-04 23:25:10,274 - etl_batch.loaders.simple_loader - INFO - 🗑️  Truncando tabla dim_canal...
2026-01-04 23:25:10,284 - etl_batch.loaders.simple_loader - INFO - ✅ dim_canal: 2 registros cargados exitosamente
2026-01-04 23:25:10,290 - __main__ - INFO - ✅ dim_canal: 2 registros cargados
2026-01-04 23:25:10,292 - __main__ - INFO - 
============================================================
2026-01-04 23:25:10,295 - __main__ - INFO - 📥 Procesando: dim_direccion
2026-01-04 23:25:10,296 - __main__ - INFO - ============================================================
2026-01-04 23:25:10,297 - etl_batch.transformers.complete_dimension_builder - INFO - 📍 Construyendo dim_direccion...
/root/PuntaFina_DW_Oro/etl_batch/transformers/complete_dimension_builder.py:223: UserWarning: pandas only supports SQLAlchemy connectable (engine/connection) or database string URI or sqlite3 DBAPI2 connection. Other DBAPI2 objects are not tested. Please consider using SQLAlchemy.
  df = pd.read_sql_query(query, self.oro_conn)
2026-01-04 23:25:11,174 - etl_batch.transformers.complete_dimension_builder - INFO - ✓ dim_direccion: 79,836 registros desde oro_order_address
2026-01-04 23:25:11,398 - __main__ - INFO - 💾 Guardado: data/processed/dim_direccion.parquet (79,836 registros)
2026-01-04 23:25:11,564 - etl_batch.loaders.simple_loader - INFO - 🗑️  Truncando tabla dim_direccion...
2026-01-04 23:25:12,906 - etl_batch.loaders.simple_loader - INFO -    ↳ 5,000 / 79,836 registros insertados...
2026-01-04 23:25:13,925 - etl_batch.loaders.simple_loader - INFO -    ↳ 10,000 / 79,836 registros insertados...
2026-01-04 23:25:14,993 - etl_batch.loaders.simple_loader - INFO -    ↳ 15,000 / 79,836 registros insertados...
2026-01-04 23:25:16,237 - etl_batch.loaders.simple_loader - INFO -    ↳ 20,000 / 79,836 registros insertados...
2026-01-04 23:25:17,235 - etl_batch.loaders.simple_loader - INFO -    ↳ 25,000 / 79,836 registros insertados...
2026-01-04 23:25:18,301 - etl_batch.loaders.simple_loader - INFO -    ↳ 30,000 / 79,836 registros insertados...
2026-01-04 23:25:19,301 - etl_batch.loaders.simple_loader - INFO -    ↳ 35,000 / 79,836 registros insertados...
2026-01-04 23:25:20,401 - etl_batch.loaders.simple_loader - INFO -    ↳ 40,000 / 79,836 registros insertados...
2026-01-04 23:25:21,482 - etl_batch.loaders.simple_loader - INFO -    ↳ 45,000 / 79,836 registros insertados...
2026-01-04 23:25:22,525 - etl_batch.loaders.simple_loader - INFO -    ↳ 50,000 / 79,836 registros insertados...
2026-01-04 23:25:23,732 - etl_batch.loaders.simple_loader - INFO -    ↳ 55,000 / 79,836 registros insertados...
2026-01-04 23:25:24,811 - etl_batch.loaders.simple_loader - INFO -    ↳ 60,000 / 79,836 registros insertados...
2026-01-04 23:25:25,839 - etl_batch.loaders.simple_loader - INFO -    ↳ 65,000 / 79,836 registros insertados...
2026-01-04 23:25:26,982 - etl_batch.loaders.simple_loader - INFO -    ↳ 70,000 / 79,836 registros insertados...
2026-01-04 23:25:28,098 - etl_batch.loaders.simple_loader - INFO -    ↳ 75,000 / 79,836 registros insertados...
2026-01-04 23:25:29,177 - etl_batch.loaders.simple_loader - INFO - ✅ dim_direccion: 79,836 registros cargados exitosamente
2026-01-04 23:25:29,180 - __main__ - INFO - ✅ dim_direccion: 79,836 registros cargados
2026-01-04 23:25:29,216 - __main__ - INFO - 
============================================================
2026-01-04 23:25:29,217 - __main__ - INFO - 📥 Procesando: dim_orden
2026-01-04 23:25:29,217 - __main__ - INFO - ============================================================
2026-01-04 23:25:29,218 - etl_batch.transformers.complete_dimension_builder - INFO - 📋 Construyendo dim_orden...
/root/PuntaFina_DW_Oro/etl_batch/transformers/complete_dimension_builder.py:243: UserWarning: pandas only supports SQLAlchemy connectable (engine/connection) or database string URI or sqlite3 DBAPI2 connection. Other DBAPI2 objects are not tested. Please consider using SQLAlchemy.
  df = pd.read_sql_query(query, self.oro_conn)
2026-01-04 23:25:29,670 - etl_batch.transformers.complete_dimension_builder - INFO - ✓ dim_orden: 42,119 registros desde oro_order
2026-01-04 23:25:29,671 - etl_batch.transformers.complete_dimension_builder - INFO -   NOTA: Campos 'subtotal' y 'total' eliminados - calculables desde fact_ventas
2026-01-04 23:25:29,760 - __main__ - INFO - 💾 Guardado: data/processed/dim_orden.parquet (42,119 registros)
2026-01-04 23:25:29,892 - etl_batch.loaders.simple_loader - INFO - 🗑️  Truncando tabla dim_orden...
2026-01-04 23:25:31,348 - etl_batch.loaders.simple_loader - INFO -    ↳ 5,000 / 42,119 registros insertados...
2026-01-04 23:25:32,924 - etl_batch.loaders.simple_loader - INFO -    ↳ 10,000 / 42,119 registros insertados...
2026-01-04 23:25:34,412 - etl_batch.loaders.simple_loader - INFO -    ↳ 15,000 / 42,119 registros insertados...
2026-01-04 23:25:35,916 - etl_batch.loaders.simple_loader - INFO -    ↳ 20,000 / 42,119 registros insertados...
2026-01-04 23:25:37,396 - etl_batch.loaders.simple_loader - INFO -    ↳ 25,000 / 42,119 registros insertados...
2026-01-04 23:25:38,810 - etl_batch.loaders.simple_loader - INFO -    ↳ 30,000 / 42,119 registros insertados...
2026-01-04 23:25:40,187 - etl_batch.loaders.simple_loader - INFO -    ↳ 35,000 / 42,119 registros insertados...
2026-01-04 23:25:41,653 - etl_batch.loaders.simple_loader - INFO -    ↳ 40,000 / 42,119 registros insertados...
2026-01-04 23:25:42,447 - etl_batch.loaders.simple_loader - INFO - ✅ dim_orden: 42,119 registros cargados exitosamente
2026-01-04 23:25:42,453 - __main__ - INFO - ✅ dim_orden: 42,119 registros cargados
2026-01-04 23:25:42,464 - __main__ - INFO - 
============================================================
2026-01-04 23:25:42,465 - __main__ - INFO - 📥 Procesando: dim_line_item
2026-01-04 23:25:42,466 - __main__ - INFO - ============================================================
2026-01-04 23:25:42,466 - etl_batch.transformers.complete_dimension_builder - INFO - 📝 Construyendo dim_line_item...
/root/PuntaFina_DW_Oro/etl_batch/transformers/complete_dimension_builder.py:266: UserWarning: pandas only supports SQLAlchemy connectable (engine/connection) or database string URI or sqlite3 DBAPI2 connection. Other DBAPI2 objects are not tested. Please consider using SQLAlchemy.
  df = pd.read_sql_query(query, self.oro_conn)
2026-01-04 23:25:42,710 - etl_batch.transformers.complete_dimension_builder - INFO - ✓ dim_line_item: 5,000 registros desde oro_order_line_item
2026-01-04 23:25:42,711 - etl_batch.transformers.complete_dimension_builder - INFO -   NOTA: Campo 'total_linea' eliminado - calculable como cantidad * precio_unitario
2026-01-04 23:25:42,725 - __main__ - INFO - 💾 Guardado: data/processed/dim_line_item.parquet (5,000 registros)
2026-01-04 23:25:42,777 - etl_batch.loaders.simple_loader - INFO - 🗑️  Truncando tabla dim_line_item...
2026-01-04 23:25:43,687 - etl_batch.loaders.simple_loader - INFO -    ↳ 5,000 / 5,000 registros insertados...
2026-01-04 23:25:43,690 - etl_batch.loaders.simple_loader - INFO - ✅ dim_line_item: 5,000 registros cargados exitosamente
2026-01-04 23:25:43,691 - __main__ - INFO - ✅ dim_line_item: 5,000 registros cargados
2026-01-04 23:25:43,691 - __main__ - INFO - 
============================================================
2026-01-04 23:25:43,692 - __main__ - INFO - 📥 Procesando: dim_envio
2026-01-04 23:25:43,692 - __main__ - INFO - ============================================================
2026-01-04 23:25:43,695 - etl_batch.transformers.complete_dimension_builder - INFO - 🚚 Construyendo dim_envio desde CSV...
2026-01-04 23:25:43,708 - etl_batch.transformers.complete_dimension_builder - INFO - ✓ dim_envio: 8 registros desde CSV
2026-01-04 23:25:43,717 - __main__ - INFO - 💾 Guardado: data/processed/dim_envio.parquet (8 registros)
2026-01-04 23:25:43,761 - etl_batch.loaders.simple_loader - INFO - 🗑️  Truncando tabla dim_envio...
2026-01-04 23:25:43,770 - etl_batch.loaders.simple_loader - INFO - ✅ dim_envio: 8 registros cargados exitosamente
2026-01-04 23:25:43,775 - __main__ - INFO - ✅ dim_envio: 8 registros cargados
2026-01-04 23:25:43,777 - __main__ - INFO - 
============================================================
2026-01-04 23:25:43,779 - __main__ - INFO - 📥 Procesando: dim_estado_orden
2026-01-04 23:25:43,780 - __main__ - INFO - ============================================================
2026-01-04 23:25:43,781 - etl_batch.transformers.complete_dimension_builder - INFO - 📊 Construyendo dim_estado_orden desde CSV...
2026-01-04 23:25:43,792 - etl_batch.transformers.complete_dimension_builder - INFO - ✓ dim_estado_orden: 16 registros desde CSV
2026-01-04 23:25:43,809 - __main__ - INFO - 💾 Guardado: data/processed/dim_estado_orden.parquet (16 registros)
2026-01-04 23:25:43,873 - etl_batch.loaders.simple_loader - INFO - 🗑️  Truncando tabla dim_estado_orden...
2026-01-04 23:25:43,887 - etl_batch.loaders.simple_loader - INFO - ✅ dim_estado_orden: 16 registros cargados exitosamente
2026-01-04 23:25:43,888 - __main__ - INFO - ✅ dim_estado_orden: 16 registros cargados
2026-01-04 23:25:43,889 - __main__ - INFO - 
============================================================
2026-01-04 23:25:43,889 - __main__ - INFO - 📥 Procesando: dim_estado_pago
2026-01-04 23:25:43,891 - __main__ - INFO - ============================================================
2026-01-04 23:25:43,898 - etl_batch.transformers.complete_dimension_builder - INFO - 💳 Construyendo dim_estado_pago desde CSV...
2026-01-04 23:25:43,906 - etl_batch.transformers.complete_dimension_builder - INFO - ✓ dim_estado_pago: 6 registros desde CSV
2026-01-04 23:25:43,914 - __main__ - INFO - 💾 Guardado: data/processed/dim_estado_pago.parquet (6 registros)
2026-01-04 23:25:43,962 - etl_batch.loaders.simple_loader - INFO - 🗑️  Truncando tabla dim_estado_pago...
2026-01-04 23:25:43,972 - etl_batch.loaders.simple_loader - INFO - ✅ dim_estado_pago: 6 registros cargados exitosamente
2026-01-04 23:25:43,974 - __main__ - INFO - ✅ dim_estado_pago: 6 registros cargados
2026-01-04 23:25:43,979 - __main__ - INFO - 
============================================================
2026-01-04 23:25:43,980 - __main__ - INFO - 📥 Procesando: dim_pago
2026-01-04 23:25:43,981 - __main__ - INFO - ============================================================
2026-01-04 23:25:43,981 - etl_batch.transformers.complete_dimension_builder - INFO - 💰 Construyendo dim_pago...
2026-01-04 23:25:43,986 - etl_batch.transformers.complete_dimension_builder - INFO - ✓ dim_pago: 10 registros
2026-01-04 23:25:43,996 - __main__ - INFO - 💾 Guardado: data/processed/dim_pago.parquet (10 registros)
2026-01-04 23:25:44,052 - etl_batch.loaders.simple_loader - INFO - 🗑️  Truncando tabla dim_pago...
2026-01-04 23:25:44,064 - etl_batch.loaders.simple_loader - INFO - ✅ dim_pago: 10 registros cargados exitosamente
2026-01-04 23:25:44,065 - __main__ - INFO - ✅ dim_pago: 10 registros cargados
2026-01-04 23:25:44,066 - __main__ - INFO - 
============================================================
2026-01-04 23:25:44,066 - __main__ - INFO - 📥 Procesando: dim_impuestos
2026-01-04 23:25:44,067 - __main__ - INFO - ============================================================
2026-01-04 23:25:44,067 - etl_batch.transformers.complete_dimension_builder - INFO - 📊 Construyendo dim_impuestos...
2026-01-04 23:25:44,074 - etl_batch.transformers.complete_dimension_builder - INFO - ✓ dim_impuestos: 5 registros
2026-01-04 23:25:44,086 - __main__ - INFO - 💾 Guardado: data/processed/dim_impuestos.parquet (5 registros)
2026-01-04 23:25:44,129 - etl_batch.loaders.simple_loader - INFO - 🗑️  Truncando tabla dim_impuestos...
2026-01-04 23:25:44,137 - etl_batch.loaders.simple_loader - INFO - ✅ dim_impuestos: 5 registros cargados exitosamente
2026-01-04 23:25:44,142 - __main__ - INFO - ✅ dim_impuestos: 5 registros cargados
2026-01-04 23:25:44,143 - __main__ - INFO - 
============================================================
2026-01-04 23:25:44,144 - __main__ - INFO - 📥 Procesando: dim_promocion
2026-01-04 23:25:44,147 - __main__ - INFO - ============================================================
2026-01-04 23:25:44,147 - etl_batch.transformers.complete_dimension_builder - INFO - 🎁 Construyendo dim_promocion...
/root/PuntaFina_DW_Oro/etl_batch/transformers/complete_dimension_builder.py:385: UserWarning: pandas only supports SQLAlchemy connectable (engine/connection) or database string URI or sqlite3 DBAPI2 connection. Other DBAPI2 objects are not tested. Please consider using SQLAlchemy.
  df = pd.read_sql_query(query, self.oro_conn)
2026-01-04 23:25:44,158 - etl_batch.transformers.complete_dimension_builder - INFO - ✓ dim_promocion: 0 registros
2026-01-04 23:25:44,159 - __main__ - WARNING - ⚠️  dim_promocion: Sin datos para cargar
2026-01-04 23:25:44,160 - __main__ - INFO - 
================================================================================
2026-01-04 23:25:44,161 - __main__ - INFO - 📦 FASE 3: CARGANDO DIMENSIONES DE INVENTARIO
2026-01-04 23:25:44,161 - __main__ - INFO - ================================================================================
2026-01-04 23:25:44,162 - __main__ - INFO - 
============================================================
2026-01-04 23:25:44,162 - __main__ - INFO - 📥 Procesando: dim_almacen
2026-01-04 23:25:44,163 - __main__ - INFO - ============================================================
2026-01-04 23:25:44,163 - etl_batch.transformers.complete_dimension_builder - INFO - 🏪 Construyendo dim_almacen desde CSV...
2026-01-04 23:25:44,168 - etl_batch.transformers.complete_dimension_builder - INFO - ✓ dim_almacen: 6 registros desde CSV
2026-01-04 23:25:44,180 - __main__ - INFO - 💾 Guardado: data/processed/dim_almacen.parquet (6 registros)
2026-01-04 23:25:44,231 - etl_batch.loaders.simple_loader - INFO - 🗑️  Truncando tabla dim_almacen...
2026-01-04 23:25:44,255 - etl_batch.loaders.simple_loader - INFO - ✅ dim_almacen: 6 registros cargados exitosamente
2026-01-04 23:25:44,256 - __main__ - INFO - ✅ dim_almacen: 6 registros cargados
2026-01-04 23:25:44,257 - __main__ - INFO - 
============================================================
2026-01-04 23:25:44,257 - __main__ - INFO - 📥 Procesando: dim_proveedor
2026-01-04 23:25:44,258 - __main__ - INFO - ============================================================
2026-01-04 23:25:44,262 - etl_batch.transformers.complete_dimension_builder - INFO - 🏭 Construyendo dim_proveedor desde CSV...
2026-01-04 23:25:44,274 - etl_batch.transformers.complete_dimension_builder - INFO - ✓ dim_proveedor: 8 registros desde CSV
2026-01-04 23:25:44,288 - __main__ - INFO - 💾 Guardado: data/processed/dim_proveedor.parquet (8 registros)
2026-01-04 23:25:44,359 - etl_batch.loaders.simple_loader - INFO - 🗑️  Truncando tabla dim_proveedor...
2026-01-04 23:25:44,382 - etl_batch.loaders.simple_loader - INFO - ✅ dim_proveedor: 8 registros cargados exitosamente
2026-01-04 23:25:44,383 - __main__ - INFO - ✅ dim_proveedor: 8 registros cargados
2026-01-04 23:25:44,384 - __main__ - INFO - 
============================================================
2026-01-04 23:25:44,385 - __main__ - INFO - 📥 Procesando: dim_tipo_movimiento
2026-01-04 23:25:44,385 - __main__ - INFO - ============================================================
2026-01-04 23:25:44,385 - etl_batch.transformers.complete_dimension_builder - INFO - 📦 Construyendo dim_tipo_movimiento desde CSV...
2026-01-04 23:25:44,391 - etl_batch.transformers.complete_dimension_builder - INFO - ✓ dim_tipo_movimiento: 9 registros desde CSV
2026-01-04 23:25:44,412 - __main__ - INFO - 💾 Guardado: data/processed/dim_tipo_movimiento.parquet (9 registros)
2026-01-04 23:25:44,480 - etl_batch.loaders.simple_loader - INFO - 🗑️  Truncando tabla dim_tipo_movimiento...
2026-01-04 23:25:44,500 - etl_batch.loaders.simple_loader - INFO - ✅ dim_tipo_movimiento: 9 registros cargados exitosamente
2026-01-04 23:25:44,506 - __main__ - INFO - ✅ dim_tipo_movimiento: 9 registros cargados
2026-01-04 23:25:44,507 - __main__ - INFO - 
============================================================
2026-01-04 23:25:44,509 - __main__ - INFO - 📥 Procesando: dim_categoria_producto
2026-01-04 23:25:44,511 - __main__ - INFO - ============================================================
2026-01-04 23:25:44,511 - etl_batch.transformers.complete_dimension_builder - INFO - 📂 Construyendo dim_categoria_producto...
2026-01-04 23:25:44,513 - etl_batch.transformers.complete_dimension_builder - INFO - ✓ dim_categoria_producto: 10 registros
2026-01-04 23:25:44,528 - __main__ - INFO - 💾 Guardado: data/processed/dim_categoria_producto.parquet (10 registros)
2026-01-04 23:25:44,590 - etl_batch.loaders.simple_loader - INFO - 🗑️  Truncando tabla dim_categoria_producto...
2026-01-04 23:25:44,604 - etl_batch.loaders.simple_loader - INFO - ✅ dim_categoria_producto: 10 registros cargados exitosamente
2026-01-04 23:25:44,610 - __main__ - INFO - ✅ dim_categoria_producto: 10 registros cargados
2026-01-04 23:25:44,614 - __main__ - INFO - 
================================================================================
2026-01-04 23:25:44,615 - __main__ - INFO - 💼 FASE 4: CARGANDO DIMENSIONES DE FINANZAS
2026-01-04 23:25:44,616 - __main__ - INFO - ================================================================================
2026-01-04 23:25:44,617 - __main__ - INFO - 
============================================================
2026-01-04 23:25:44,617 - __main__ - INFO - 📥 Procesando: dim_cuenta_contable
2026-01-04 23:25:44,618 - __main__ - INFO - ============================================================
2026-01-04 23:25:44,618 - etl_batch.transformers.complete_dimension_builder - INFO - 💼 Construyendo dim_cuenta_contable desde CSV...
2026-01-04 23:25:44,625 - etl_batch.transformers.complete_dimension_builder - INFO - ✓ dim_cuenta_contable: 42 registros desde CSV
2026-01-04 23:25:44,635 - __main__ - INFO - 💾 Guardado: data/processed/dim_cuenta_contable.parquet (42 registros)
2026-01-04 23:25:44,689 - etl_batch.loaders.simple_loader - INFO - 🗑️  Truncando tabla dim_cuenta_contable...
2026-01-04 23:25:44,736 - etl_batch.loaders.simple_loader - INFO - ✅ dim_cuenta_contable: 42 registros cargados exitosamente
2026-01-04 23:25:44,737 - __main__ - INFO - ✅ dim_cuenta_contable: 42 registros cargados
2026-01-04 23:25:44,739 - __main__ - INFO - 
============================================================
2026-01-04 23:25:44,743 - __main__ - INFO - 📥 Procesando: dim_centro_costo
2026-01-04 23:25:44,744 - __main__ - INFO - ============================================================
2026-01-04 23:25:44,745 - etl_batch.transformers.complete_dimension_builder - INFO - 🏢 Construyendo dim_centro_costo desde CSV...
2026-01-04 23:25:44,753 - etl_batch.transformers.complete_dimension_builder - INFO - ✓ dim_centro_costo: 9 registros desde CSV
2026-01-04 23:25:44,763 - __main__ - INFO - 💾 Guardado: data/processed/dim_centro_costo.parquet (9 registros)
2026-01-04 23:25:44,810 - etl_batch.loaders.simple_loader - INFO - 🗑️  Truncando tabla dim_centro_costo...
2026-01-04 23:25:44,838 - etl_batch.loaders.simple_loader - INFO - ✅ dim_centro_costo: 9 registros cargados exitosamente
2026-01-04 23:25:44,839 - __main__ - INFO - ✅ dim_centro_costo: 9 registros cargados
2026-01-04 23:25:44,839 - __main__ - INFO - 
============================================================
2026-01-04 23:25:44,840 - __main__ - INFO - 📥 Procesando: dim_tipo_transaccion
2026-01-04 23:25:44,840 - __main__ - INFO - ============================================================
2026-01-04 23:25:44,843 - etl_batch.transformers.complete_dimension_builder - INFO - 📋 Construyendo dim_tipo_transaccion desde CSV...
2026-01-04 23:25:44,851 - etl_batch.transformers.complete_dimension_builder - INFO - ✓ dim_tipo_transaccion: 9 registros desde CSV
2026-01-04 23:25:44,859 - __main__ - INFO - 💾 Guardado: data/processed/dim_tipo_transaccion.parquet (9 registros)
2026-01-04 23:25:44,902 - etl_batch.loaders.simple_loader - INFO - 🗑️  Truncando tabla dim_tipo_transaccion...
2026-01-04 23:25:44,921 - etl_batch.loaders.simple_loader - INFO - ✅ dim_tipo_transaccion: 9 registros cargados exitosamente
2026-01-04 23:25:44,921 - __main__ - INFO - ✅ dim_tipo_transaccion: 9 registros cargados
2026-01-04 23:25:44,922 - __main__ - INFO - 
============================================================
2026-01-04 23:25:44,923 - __main__ - INFO - 📥 Procesando: dim_periodo_contable
2026-01-04 23:25:44,923 - __main__ - INFO - ============================================================
2026-01-04 23:25:44,928 - etl_batch.transformers.complete_dimension_builder - INFO - 📅 Construyendo dim_periodo_contable...
2026-01-04 23:25:45,030 - etl_batch.transformers.complete_dimension_builder - INFO - ✓ dim_periodo_contable: 84 registros
2026-01-04 23:25:45,039 - __main__ - INFO - 💾 Guardado: data/processed/dim_periodo_contable.parquet (84 registros)
2026-01-04 23:25:45,087 - etl_batch.loaders.simple_loader - INFO - 🗑️  Truncando tabla dim_periodo_contable...
2026-01-04 23:25:45,146 - etl_batch.loaders.simple_loader - INFO - ✅ dim_periodo_contable: 84 registros cargados exitosamente
2026-01-04 23:25:45,146 - __main__ - INFO - ✅ dim_periodo_contable: 84 registros cargados
2026-01-04 23:25:45,147 - __main__ - INFO - 
================================================================================
2026-01-04 23:25:45,148 - __main__ - INFO - 🎯 FASE 5: CARGANDO TABLAS DE HECHOS
2026-01-04 23:25:45,148 - __main__ - INFO - ================================================================================
2026-01-04 23:25:45,149 - __main__ - INFO - 
============================================================
2026-01-04 23:25:45,151 - __main__ - INFO - 📊 Procesando FACT: fact_ventas
2026-01-04 23:25:45,151 - __main__ - INFO - ============================================================
2026-01-04 23:25:45,154 - etl_batch.transformers.complete_fact_builder - INFO - 💰 Construyendo fact_ventas...
/root/PuntaFina_DW_Oro/etl_batch/transformers/complete_fact_builder.py:170: UserWarning: pandas only supports SQLAlchemy connectable (engine/connection) or database string URI or sqlite3 DBAPI2 connection. Other DBAPI2 objects are not tested. Please consider using SQLAlchemy.
  df = pd.read_sql_query(query, self.oro_conn)
2026-01-04 23:25:48,082 - etl_batch.transformers.complete_fact_builder - INFO - 🔍 Resolviendo Surrogate Keys desde DW...
/root/PuntaFina_DW_Oro/etl_batch/transformers/complete_fact_builder.py:51: UserWarning: pandas only supports SQLAlchemy connectable (engine/connection) or database string URI or sqlite3 DBAPI2 connection. Other DBAPI2 objects are not tested. Please consider using SQLAlchemy.
  dim_cliente = pd.read_sql_query(query_cliente, self.dw_conn)
/root/PuntaFina_DW_Oro/etl_batch/transformers/complete_fact_builder.py:61: UserWarning: pandas only supports SQLAlchemy connectable (engine/connection) or database string URI or sqlite3 DBAPI2 connection. Other DBAPI2 objects are not tested. Please consider using SQLAlchemy.
  dim_usuario = pd.read_sql_query(query_usuario, self.dw_conn)
/root/PuntaFina_DW_Oro/etl_batch/transformers/complete_fact_builder.py:77: UserWarning: pandas only supports SQLAlchemy connectable (engine/connection) or database string URI or sqlite3 DBAPI2 connection. Other DBAPI2 objects are not tested. Please consider using SQLAlchemy.
  dim_producto = pd.read_sql_query(query_producto, self.dw_conn)
/root/PuntaFina_DW_Oro/etl_batch/transformers/complete_fact_builder.py:92: UserWarning: pandas only supports SQLAlchemy connectable (engine/connection) or database string URI or sqlite3 DBAPI2 connection. Other DBAPI2 objects are not tested. Please consider using SQLAlchemy.
  dim_direccion = pd.read_sql_query(query_direccion, self.dw_conn)
/root/PuntaFina_DW_Oro/etl_batch/transformers/complete_fact_builder.py:108: UserWarning: pandas only supports SQLAlchemy connectable (engine/connection) or database string URI or sqlite3 DBAPI2 connection. Other DBAPI2 objects are not tested. Please consider using SQLAlchemy.
  dim_orden = pd.read_sql_query(query_orden, self.dw_conn)
/root/PuntaFina_DW_Oro/etl_batch/transformers/complete_fact_builder.py:124: UserWarning: pandas only supports SQLAlchemy connectable (engine/connection) or database string URI or sqlite3 DBAPI2 connection. Other DBAPI2 objects are not tested. Please consider using SQLAlchemy.
  dim_line_item = pd.read_sql_query(query_line_item, self.dw_conn)
2026-01-04 23:25:49,624 - etl_batch.transformers.complete_fact_builder - INFO - ✓ SKs resueltas: clientes=19143, productos=64, ordenes=38256
2026-01-04 23:25:50,903 - etl_batch.transformers.complete_fact_builder - INFO - ✓ fact_ventas: 115,528 registros desde oro_order
2026-01-04 23:25:50,922 - etl_batch.transformers.complete_fact_builder - INFO -    Estados de orden: {'completed': 115274, 'cancelled': 254}
2026-01-04 23:25:51,403 - __main__ - INFO - 💾 Guardado: data/processed/fact_ventas.parquet (115,528 registros)
2026-01-04 23:25:51,705 - etl_batch.loaders.simple_loader - INFO - 🗑️  Truncando tabla fact_ventas...
2026-01-04 23:25:54,353 - etl_batch.loaders.simple_loader - INFO -    ↳ 5,000 / 115,528 registros insertados...
2026-01-04 23:25:56,807 - etl_batch.loaders.simple_loader - INFO -    ↳ 10,000 / 115,528 registros insertados...
2026-01-04 23:25:59,531 - etl_batch.loaders.simple_loader - INFO -    ↳ 15,000 / 115,528 registros insertados...
2026-01-04 23:26:02,155 - etl_batch.loaders.simple_loader - INFO -    ↳ 20,000 / 115,528 registros insertados...
2026-01-04 23:26:04,776 - etl_batch.loaders.simple_loader - INFO -    ↳ 25,000 / 115,528 registros insertados...
2026-01-04 23:26:07,166 - etl_batch.loaders.simple_loader - INFO -    ↳ 30,000 / 115,528 registros insertados...
2026-01-04 23:26:09,850 - etl_batch.loaders.simple_loader - INFO -    ↳ 35,000 / 115,528 registros insertados...
2026-01-04 23:26:12,321 - etl_batch.loaders.simple_loader - INFO -    ↳ 40,000 / 115,528 registros insertados...
2026-01-04 23:26:14,944 - etl_batch.loaders.simple_loader - INFO -    ↳ 45,000 / 115,528 registros insertados...
2026-01-04 23:26:17,421 - etl_batch.loaders.simple_loader - INFO -    ↳ 50,000 / 115,528 registros insertados...
2026-01-04 23:26:20,165 - etl_batch.loaders.simple_loader - INFO -    ↳ 55,000 / 115,528 registros insertados...
2026-01-04 23:26:22,697 - etl_batch.loaders.simple_loader - INFO -    ↳ 60,000 / 115,528 registros insertados...
2026-01-04 23:26:25,732 - etl_batch.loaders.simple_loader - INFO -    ↳ 65,000 / 115,528 registros insertados...
2026-01-04 23:26:28,273 - etl_batch.loaders.simple_loader - INFO -    ↳ 70,000 / 115,528 registros insertados...
2026-01-04 23:26:31,923 - etl_batch.loaders.simple_loader - INFO -    ↳ 75,000 / 115,528 registros insertados...
2026-01-04 23:26:34,863 - etl_batch.loaders.simple_loader - INFO -    ↳ 80,000 / 115,528 registros insertados...
2026-01-04 23:26:37,449 - etl_batch.loaders.simple_loader - INFO -    ↳ 85,000 / 115,528 registros insertados...
2026-01-04 23:26:40,096 - etl_batch.loaders.simple_loader - INFO -    ↳ 90,000 / 115,528 registros insertados...
2026-01-04 23:26:42,667 - etl_batch.loaders.simple_loader - INFO -    ↳ 95,000 / 115,528 registros insertados...
2026-01-04 23:26:45,391 - etl_batch.loaders.simple_loader - INFO -    ↳ 100,000 / 115,528 registros insertados...
2026-01-04 23:26:48,072 - etl_batch.loaders.simple_loader - INFO -    ↳ 105,000 / 115,528 registros insertados...
2026-01-04 23:26:50,799 - etl_batch.loaders.simple_loader - INFO -    ↳ 110,000 / 115,528 registros insertados...
2026-01-04 23:26:53,320 - etl_batch.loaders.simple_loader - INFO -    ↳ 115,000 / 115,528 registros insertados...
2026-01-04 23:26:53,599 - etl_batch.loaders.simple_loader - INFO - ✅ fact_ventas: 115,528 registros cargados exitosamente
2026-01-04 23:26:53,602 - __main__ - INFO - ✅ fact_ventas: 115,528 registros cargados
2026-01-04 23:26:53,655 - __main__ - INFO - 
============================================================
2026-01-04 23:26:53,656 - __main__ - INFO - 📊 Procesando FACT: fact_inventario
2026-01-04 23:26:53,656 - __main__ - INFO - ============================================================
2026-01-04 23:26:53,656 - etl_batch.transformers.complete_fact_builder - INFO - 📦 Construyendo fact_inventario...
2026-01-04 23:26:54,665 - etl_batch.transformers.complete_fact_builder - INFO - 🔍 Resolviendo SKs para fact_inventario...
/root/PuntaFina_DW_Oro/etl_batch/transformers/complete_fact_builder.py:242: UserWarning: pandas only supports SQLAlchemy connectable (engine/connection) or database string URI or sqlite3 DBAPI2 connection. Other DBAPI2 objects are not tested. Please consider using SQLAlchemy.
  dim_producto = pd.read_sql_query(query_producto, self.dw_conn)
/root/PuntaFina_DW_Oro/etl_batch/transformers/complete_fact_builder.py:256: UserWarning: pandas only supports SQLAlchemy connectable (engine/connection) or database string URI or sqlite3 DBAPI2 connection. Other DBAPI2 objects are not tested. Please consider using SQLAlchemy.
  dim_almacen = pd.read_sql_query(query_almacen, self.dw_conn)
/root/PuntaFina_DW_Oro/etl_batch/transformers/complete_fact_builder.py:269: UserWarning: pandas only supports SQLAlchemy connectable (engine/connection) or database string URI or sqlite3 DBAPI2 connection. Other DBAPI2 objects are not tested. Please consider using SQLAlchemy.
  dim_proveedor = pd.read_sql_query(query_proveedor, self.dw_conn)
/root/PuntaFina_DW_Oro/etl_batch/transformers/complete_fact_builder.py:282: UserWarning: pandas only supports SQLAlchemy connectable (engine/connection) or database string URI or sqlite3 DBAPI2 connection. Other DBAPI2 objects are not tested. Please consider using SQLAlchemy.
  dim_tipo_mov = pd.read_sql_query(query_tipo_mov, self.dw_conn)
2026-01-04 23:26:55,455 - etl_batch.transformers.complete_fact_builder - INFO - ✓ fact_inventario: 408,397 registros desde CSV
2026-01-04 23:26:55,464 - etl_batch.transformers.complete_fact_builder - INFO -    Productos únicos: 64, Almacenes: 1
2026-01-04 23:26:55,967 - __main__ - INFO - 💾 Guardado: data/processed/fact_inventario.parquet (408,397 registros)
2026-01-04 23:26:56,444 - etl_batch.loaders.simple_loader - INFO - 🗑️  Truncando tabla fact_inventario...
2026-01-04 23:26:58,873 - etl_batch.loaders.simple_loader - INFO -    ↳ 5,000 / 408,397 registros insertados...
2026-01-04 23:27:01,277 - etl_batch.loaders.simple_loader - INFO -    ↳ 10,000 / 408,397 registros insertados...
2026-01-04 23:27:03,442 - etl_batch.loaders.simple_loader - INFO -    ↳ 15,000 / 408,397 registros insertados...
2026-01-04 23:27:05,877 - etl_batch.loaders.simple_loader - INFO -    ↳ 20,000 / 408,397 registros insertados...
2026-01-04 23:27:08,156 - etl_batch.loaders.simple_loader - INFO -    ↳ 25,000 / 408,397 registros insertados...
2026-01-04 23:27:10,579 - etl_batch.loaders.simple_loader - INFO -    ↳ 30,000 / 408,397 registros insertados...
2026-01-04 23:27:12,828 - etl_batch.loaders.simple_loader - INFO -    ↳ 35,000 / 408,397 registros insertados...
2026-01-04 23:27:15,023 - etl_batch.loaders.simple_loader - INFO -    ↳ 40,000 / 408,397 registros insertados...
2026-01-04 23:27:17,303 - etl_batch.loaders.simple_loader - INFO -    ↳ 45,000 / 408,397 registros insertados...
2026-01-04 23:27:19,552 - etl_batch.loaders.simple_loader - INFO -    ↳ 50,000 / 408,397 registros insertados...
2026-01-04 23:27:22,049 - etl_batch.loaders.simple_loader - INFO -    ↳ 55,000 / 408,397 registros insertados...
2026-01-04 23:27:24,818 - etl_batch.loaders.simple_loader - INFO -    ↳ 60,000 / 408,397 registros insertados...
2026-01-04 23:27:27,156 - etl_batch.loaders.simple_loader - INFO -    ↳ 65,000 / 408,397 registros insertados...
2026-01-04 23:27:29,606 - etl_batch.loaders.simple_loader - INFO -    ↳ 70,000 / 408,397 registros insertados...
2026-01-04 23:27:32,252 - etl_batch.loaders.simple_loader - INFO -    ↳ 75,000 / 408,397 registros insertados...
2026-01-04 23:27:34,616 - etl_batch.loaders.simple_loader - INFO -    ↳ 80,000 / 408,397 registros insertados...
2026-01-04 23:27:36,948 - etl_batch.loaders.simple_loader - INFO -    ↳ 85,000 / 408,397 registros insertados...
2026-01-04 23:27:38,967 - etl_batch.loaders.simple_loader - INFO -    ↳ 90,000 / 408,397 registros insertados...
2026-01-04 23:27:41,079 - etl_batch.loaders.simple_loader - INFO -    ↳ 95,000 / 408,397 registros insertados...
2026-01-04 23:27:43,621 - etl_batch.loaders.simple_loader - INFO -    ↳ 100,000 / 408,397 registros insertados...
2026-01-04 23:27:46,003 - etl_batch.loaders.simple_loader - INFO -    ↳ 105,000 / 408,397 registros insertados...
2026-01-04 23:27:48,317 - etl_batch.loaders.simple_loader - INFO -    ↳ 110,000 / 408,397 registros insertados...
2026-01-04 23:27:50,596 - etl_batch.loaders.simple_loader - INFO -    ↳ 115,000 / 408,397 registros insertados...
2026-01-04 23:27:53,031 - etl_batch.loaders.simple_loader - INFO -    ↳ 120,000 / 408,397 registros insertados...
2026-01-04 23:27:55,348 - etl_batch.loaders.simple_loader - INFO -    ↳ 125,000 / 408,397 registros insertados...
2026-01-04 23:27:57,799 - etl_batch.loaders.simple_loader - INFO -    ↳ 130,000 / 408,397 registros insertados...
2026-01-04 23:28:00,185 - etl_batch.loaders.simple_loader - INFO -    ↳ 135,000 / 408,397 registros insertados...
2026-01-04 23:28:02,411 - etl_batch.loaders.simple_loader - INFO -    ↳ 140,000 / 408,397 registros insertados...
2026-01-04 23:28:04,790 - etl_batch.loaders.simple_loader - INFO -    ↳ 145,000 / 408,397 registros insertados...
2026-01-04 23:28:07,136 - etl_batch.loaders.simple_loader - INFO -    ↳ 150,000 / 408,397 registros insertados...
2026-01-04 23:28:09,683 - etl_batch.loaders.simple_loader - INFO -    ↳ 155,000 / 408,397 registros insertados...
2026-01-04 23:28:11,995 - etl_batch.loaders.simple_loader - INFO -    ↳ 160,000 / 408,397 registros insertados...
2026-01-04 23:28:14,557 - etl_batch.loaders.simple_loader - INFO -    ↳ 165,000 / 408,397 registros insertados...
2026-01-04 23:28:16,984 - etl_batch.loaders.simple_loader - INFO -    ↳ 170,000 / 408,397 registros insertados...
2026-01-04 23:28:20,566 - etl_batch.loaders.simple_loader - INFO -    ↳ 175,000 / 408,397 registros insertados...
2026-01-04 23:28:23,198 - etl_batch.loaders.simple_loader - INFO -    ↳ 180,000 / 408,397 registros insertados...
2026-01-04 23:28:25,730 - etl_batch.loaders.simple_loader - INFO -    ↳ 185,000 / 408,397 registros insertados...
2026-01-04 23:28:28,161 - etl_batch.loaders.simple_loader - INFO -    ↳ 190,000 / 408,397 registros insertados...
2026-01-04 23:28:30,622 - etl_batch.loaders.simple_loader - INFO -    ↳ 195,000 / 408,397 registros insertados...
2026-01-04 23:28:32,920 - etl_batch.loaders.simple_loader - INFO -    ↳ 200,000 / 408,397 registros insertados...
2026-01-04 23:28:35,505 - etl_batch.loaders.simple_loader - INFO -    ↳ 205,000 / 408,397 registros insertados...
2026-01-04 23:28:37,660 - etl_batch.loaders.simple_loader - INFO -    ↳ 210,000 / 408,397 registros insertados...
2026-01-04 23:28:40,046 - etl_batch.loaders.simple_loader - INFO -    ↳ 215,000 / 408,397 registros insertados...
2026-01-04 23:28:42,300 - etl_batch.loaders.simple_loader - INFO -    ↳ 220,000 / 408,397 registros insertados...
2026-01-04 23:28:44,469 - etl_batch.loaders.simple_loader - INFO -    ↳ 225,000 / 408,397 registros insertados...
2026-01-04 23:28:46,731 - etl_batch.loaders.simple_loader - INFO -    ↳ 230,000 / 408,397 registros insertados...
2026-01-04 23:28:49,004 - etl_batch.loaders.simple_loader - INFO -    ↳ 235,000 / 408,397 registros insertados...
2026-01-04 23:28:51,379 - etl_batch.loaders.simple_loader - INFO -    ↳ 240,000 / 408,397 registros insertados...
2026-01-04 23:28:53,729 - etl_batch.loaders.simple_loader - INFO -    ↳ 245,000 / 408,397 registros insertados...
2026-01-04 23:28:56,038 - etl_batch.loaders.simple_loader - INFO -    ↳ 250,000 / 408,397 registros insertados...
2026-01-04 23:28:58,326 - etl_batch.loaders.simple_loader - INFO -    ↳ 255,000 / 408,397 registros insertados...
2026-01-04 23:29:00,677 - etl_batch.loaders.simple_loader - INFO -    ↳ 260,000 / 408,397 registros insertados...
2026-01-04 23:29:02,884 - etl_batch.loaders.simple_loader - INFO -    ↳ 265,000 / 408,397 registros insertados...
2026-01-04 23:29:05,213 - etl_batch.loaders.simple_loader - INFO -    ↳ 270,000 / 408,397 registros insertados...
2026-01-04 23:29:07,672 - etl_batch.loaders.simple_loader - INFO -    ↳ 275,000 / 408,397 registros insertados...
2026-01-04 23:29:10,047 - etl_batch.loaders.simple_loader - INFO -    ↳ 280,000 / 408,397 registros insertados...
2026-01-04 23:29:12,431 - etl_batch.loaders.simple_loader - INFO -    ↳ 285,000 / 408,397 registros insertados...
2026-01-04 23:29:14,745 - etl_batch.loaders.simple_loader - INFO -    ↳ 290,000 / 408,397 registros insertados...
2026-01-04 23:29:17,146 - etl_batch.loaders.simple_loader - INFO -    ↳ 295,000 / 408,397 registros insertados...
2026-01-04 23:29:19,298 - etl_batch.loaders.simple_loader - INFO -    ↳ 300,000 / 408,397 registros insertados...
2026-01-04 23:29:21,649 - etl_batch.loaders.simple_loader - INFO -    ↳ 305,000 / 408,397 registros insertados...
2026-01-04 23:29:24,011 - etl_batch.loaders.simple_loader - INFO -    ↳ 310,000 / 408,397 registros insertados...
2026-01-04 23:29:26,273 - etl_batch.loaders.simple_loader - INFO -    ↳ 315,000 / 408,397 registros insertados...
2026-01-04 23:29:28,694 - etl_batch.loaders.simple_loader - INFO -    ↳ 320,000 / 408,397 registros insertados...
2026-01-04 23:29:30,981 - etl_batch.loaders.simple_loader - INFO -    ↳ 325,000 / 408,397 registros insertados...
2026-01-04 23:29:33,413 - etl_batch.loaders.simple_loader - INFO -    ↳ 330,000 / 408,397 registros insertados...
2026-01-04 23:29:35,997 - etl_batch.loaders.simple_loader - INFO -    ↳ 335,000 / 408,397 registros insertados...
2026-01-04 23:29:38,601 - etl_batch.loaders.simple_loader - INFO -    ↳ 340,000 / 408,397 registros insertados...
2026-01-04 23:29:41,030 - etl_batch.loaders.simple_loader - INFO -    ↳ 345,000 / 408,397 registros insertados...
2026-01-04 23:29:43,502 - etl_batch.loaders.simple_loader - INFO -    ↳ 350,000 / 408,397 registros insertados...
2026-01-04 23:29:45,828 - etl_batch.loaders.simple_loader - INFO -    ↳ 355,000 / 408,397 registros insertados...
2026-01-04 23:29:48,376 - etl_batch.loaders.simple_loader - INFO -    ↳ 360,000 / 408,397 registros insertados...
2026-01-04 23:29:50,779 - etl_batch.loaders.simple_loader - INFO -    ↳ 365,000 / 408,397 registros insertados...
2026-01-04 23:29:53,280 - etl_batch.loaders.simple_loader - INFO -    ↳ 370,000 / 408,397 registros insertados...
2026-01-04 23:29:55,629 - etl_batch.loaders.simple_loader - INFO -    ↳ 375,000 / 408,397 registros insertados...
2026-01-04 23:29:58,189 - etl_batch.loaders.simple_loader - INFO -    ↳ 380,000 / 408,397 registros insertados...
2026-01-04 23:30:00,494 - etl_batch.loaders.simple_loader - INFO -    ↳ 385,000 / 408,397 registros insertados...
2026-01-04 23:30:02,676 - etl_batch.loaders.simple_loader - INFO -    ↳ 390,000 / 408,397 registros insertados...
2026-01-04 23:30:05,114 - etl_batch.loaders.simple_loader - INFO -    ↳ 395,000 / 408,397 registros insertados...
2026-01-04 23:30:07,336 - etl_batch.loaders.simple_loader - INFO -    ↳ 400,000 / 408,397 registros insertados...
2026-01-04 23:30:09,821 - etl_batch.loaders.simple_loader - INFO -    ↳ 405,000 / 408,397 registros insertados...
2026-01-04 23:30:11,390 - etl_batch.loaders.simple_loader - INFO - ✅ fact_inventario: 408,397 registros cargados exitosamente
2026-01-04 23:30:11,400 - __main__ - INFO - ✅ fact_inventario: 408,397 registros cargados
2026-01-04 23:30:11,421 - __main__ - INFO - 
============================================================
2026-01-04 23:30:11,422 - __main__ - INFO - 📊 Procesando FACT: fact_transacciones
2026-01-04 23:30:11,423 - __main__ - INFO - ============================================================
2026-01-04 23:30:11,423 - etl_batch.transformers.complete_fact_builder - INFO - 💳 Construyendo fact_transacciones...
2026-01-04 23:30:26,724 - etl_batch.transformers.complete_fact_builder - INFO - 🔍 Resolviendo SKs para fact_transacciones...
/root/PuntaFina_DW_Oro/etl_batch/transformers/complete_fact_builder.py:320: UserWarning: pandas only supports SQLAlchemy connectable (engine/connection) or database string URI or sqlite3 DBAPI2 connection. Other DBAPI2 objects are not tested. Please consider using SQLAlchemy.
  dim_cuenta = pd.read_sql_query(query_cuenta, self.dw_conn)
/root/PuntaFina_DW_Oro/etl_batch/transformers/complete_fact_builder.py:336: UserWarning: pandas only supports SQLAlchemy connectable (engine/connection) or database string URI or sqlite3 DBAPI2 connection. Other DBAPI2 objects are not tested. Please consider using SQLAlchemy.
  dim_centro = pd.read_sql_query(query_centro, self.dw_conn)
2026-01-04 23:30:28,579 - etl_batch.transformers.complete_fact_builder - INFO - ✓ fact_transacciones: 577,640 registros desde CSV
2026-01-04 23:30:28,710 - etl_batch.transformers.complete_fact_builder - INFO -    Tipo movimiento: {'haber': 346584, 'debe': 231056}
2026-01-04 23:30:28,712 - etl_batch.transformers.complete_fact_builder - INFO -    Períodos: 202301 a 202511
2026-01-04 23:30:28,718 - etl_batch.transformers.complete_fact_builder - INFO -    Cuentas únicas: 6
2026-01-04 23:30:29,959 - __main__ - INFO - 💾 Guardado: data/processed/fact_transacciones.parquet (577,640 registros)
2026-01-04 23:30:31,130 - etl_batch.loaders.simple_loader - INFO - 🗑️  Truncando tabla fact_transacciones...
2026-01-04 23:30:33,489 - etl_batch.loaders.simple_loader - INFO -    ↳ 5,000 / 577,640 registros insertados...
2026-01-04 23:30:35,825 - etl_batch.loaders.simple_loader - INFO -    ↳ 10,000 / 577,640 registros insertados...
2026-01-04 23:30:38,140 - etl_batch.loaders.simple_loader - INFO -    ↳ 15,000 / 577,640 registros insertados...
2026-01-04 23:30:40,576 - etl_batch.loaders.simple_loader - INFO -    ↳ 20,000 / 577,640 registros insertados...
2026-01-04 23:30:42,989 - etl_batch.loaders.simple_loader - INFO -    ↳ 25,000 / 577,640 registros insertados...
2026-01-04 23:30:45,454 - etl_batch.loaders.simple_loader - INFO -    ↳ 30,000 / 577,640 registros insertados...
2026-01-04 23:30:47,768 - etl_batch.loaders.simple_loader - INFO -    ↳ 35,000 / 577,640 registros insertados...
2026-01-04 23:30:51,046 - etl_batch.loaders.simple_loader - INFO -    ↳ 40,000 / 577,640 registros insertados...
2026-01-04 23:30:53,624 - etl_batch.loaders.simple_loader - INFO -    ↳ 45,000 / 577,640 registros insertados...
2026-01-04 23:30:55,933 - etl_batch.loaders.simple_loader - INFO -    ↳ 50,000 / 577,640 registros insertados...
2026-01-04 23:30:58,282 - etl_batch.loaders.simple_loader - INFO -    ↳ 55,000 / 577,640 registros insertados...
2026-01-04 23:31:00,566 - etl_batch.loaders.simple_loader - INFO -    ↳ 60,000 / 577,640 registros insertados...
2026-01-04 23:31:02,824 - etl_batch.loaders.simple_loader - INFO -    ↳ 65,000 / 577,640 registros insertados...
2026-01-04 23:31:05,245 - etl_batch.loaders.simple_loader - INFO -    ↳ 70,000 / 577,640 registros insertados...
2026-01-04 23:31:07,605 - etl_batch.loaders.simple_loader - INFO -    ↳ 75,000 / 577,640 registros insertados...
2026-01-04 23:31:10,165 - etl_batch.loaders.simple_loader - INFO -    ↳ 80,000 / 577,640 registros insertados...
2026-01-04 23:31:12,365 - etl_batch.loaders.simple_loader - INFO -    ↳ 85,000 / 577,640 registros insertados...
2026-01-04 23:31:14,569 - etl_batch.loaders.simple_loader - INFO -    ↳ 90,000 / 577,640 registros insertados...
2026-01-04 23:31:16,813 - etl_batch.loaders.simple_loader - INFO -    ↳ 95,000 / 577,640 registros insertados...
2026-01-04 23:31:19,150 - etl_batch.loaders.simple_loader - INFO -    ↳ 100,000 / 577,640 registros insertados...
2026-01-04 23:31:21,442 - etl_batch.loaders.simple_loader - INFO -    ↳ 105,000 / 577,640 registros insertados...
2026-01-04 23:31:23,751 - etl_batch.loaders.simple_loader - INFO -    ↳ 110,000 / 577,640 registros insertados...
2026-01-04 23:31:26,013 - etl_batch.loaders.simple_loader - INFO -    ↳ 115,000 / 577,640 registros insertados...
2026-01-04 23:31:28,295 - etl_batch.loaders.simple_loader - INFO -    ↳ 120,000 / 577,640 registros insertados...
2026-01-04 23:31:30,633 - etl_batch.loaders.simple_loader - INFO -    ↳ 125,000 / 577,640 registros insertados...
2026-01-04 23:31:33,059 - etl_batch.loaders.simple_loader - INFO -    ↳ 130,000 / 577,640 registros insertados...
2026-01-04 23:31:35,282 - etl_batch.loaders.simple_loader - INFO -    ↳ 135,000 / 577,640 registros insertados...
2026-01-04 23:31:37,647 - etl_batch.loaders.simple_loader - INFO -    ↳ 140,000 / 577,640 registros insertados...
2026-01-04 23:31:40,002 - etl_batch.loaders.simple_loader - INFO -    ↳ 145,000 / 577,640 registros insertados...
2026-01-04 23:31:42,335 - etl_batch.loaders.simple_loader - INFO -    ↳ 150,000 / 577,640 registros insertados...
2026-01-04 23:31:44,547 - etl_batch.loaders.simple_loader - INFO -    ↳ 155,000 / 577,640 registros insertados...
2026-01-04 23:31:46,916 - etl_batch.loaders.simple_loader - INFO -    ↳ 160,000 / 577,640 registros insertados...
2026-01-04 23:31:49,227 - etl_batch.loaders.simple_loader - INFO -    ↳ 165,000 / 577,640 registros insertados...
2026-01-04 23:31:51,559 - etl_batch.loaders.simple_loader - INFO -    ↳ 170,000 / 577,640 registros insertados...
2026-01-04 23:31:53,905 - etl_batch.loaders.simple_loader - INFO -    ↳ 175,000 / 577,640 registros insertados...
2026-01-04 23:31:56,097 - etl_batch.loaders.simple_loader - INFO -    ↳ 180,000 / 577,640 registros insertados...
2026-01-04 23:31:58,681 - etl_batch.loaders.simple_loader - INFO -    ↳ 185,000 / 577,640 registros insertados...
2026-01-04 23:32:01,077 - etl_batch.loaders.simple_loader - INFO -    ↳ 190,000 / 577,640 registros insertados...
2026-01-04 23:32:03,368 - etl_batch.loaders.simple_loader - INFO -    ↳ 195,000 / 577,640 registros insertados...
2026-01-04 23:32:05,565 - etl_batch.loaders.simple_loader - INFO -    ↳ 200,000 / 577,640 registros insertados...
2026-01-04 23:32:07,906 - etl_batch.loaders.simple_loader - INFO -    ↳ 205,000 / 577,640 registros insertados...
2026-01-04 23:32:10,068 - etl_batch.loaders.simple_loader - INFO -    ↳ 210,000 / 577,640 registros insertados...
2026-01-04 23:32:12,305 - etl_batch.loaders.simple_loader - INFO -    ↳ 215,000 / 577,640 registros insertados...
2026-01-04 23:32:14,516 - etl_batch.loaders.simple_loader - INFO -    ↳ 220,000 / 577,640 registros insertados...
2026-01-04 23:32:16,654 - etl_batch.loaders.simple_loader - INFO -    ↳ 225,000 / 577,640 registros insertados...
2026-01-04 23:32:19,089 - etl_batch.loaders.simple_loader - INFO -    ↳ 230,000 / 577,640 registros insertados...
2026-01-04 23:32:21,238 - etl_batch.loaders.simple_loader - INFO -    ↳ 235,000 / 577,640 registros insertados...
2026-01-04 23:32:23,594 - etl_batch.loaders.simple_loader - INFO -    ↳ 240,000 / 577,640 registros insertados...
2026-01-04 23:32:25,955 - etl_batch.loaders.simple_loader - INFO -    ↳ 245,000 / 577,640 registros insertados...
2026-01-04 23:32:28,476 - etl_batch.loaders.simple_loader - INFO -    ↳ 250,000 / 577,640 registros insertados...
2026-01-04 23:32:31,158 - etl_batch.loaders.simple_loader - INFO -    ↳ 255,000 / 577,640 registros insertados...
2026-01-04 23:32:33,636 - etl_batch.loaders.simple_loader - INFO -    ↳ 260,000 / 577,640 registros insertados...
2026-01-04 23:32:35,827 - etl_batch.loaders.simple_loader - INFO -    ↳ 265,000 / 577,640 registros insertados...
2026-01-04 23:32:38,304 - etl_batch.loaders.simple_loader - INFO -    ↳ 270,000 / 577,640 registros insertados...
2026-01-04 23:32:40,636 - etl_batch.loaders.simple_loader - INFO -    ↳ 275,000 / 577,640 registros insertados...
2026-01-04 23:32:43,185 - etl_batch.loaders.simple_loader - INFO -    ↳ 280,000 / 577,640 registros insertados...
2026-01-04 23:32:45,452 - etl_batch.loaders.simple_loader - INFO -    ↳ 285,000 / 577,640 registros insertados...
2026-01-04 23:32:47,672 - etl_batch.loaders.simple_loader - INFO -    ↳ 290,000 / 577,640 registros insertados...
2026-01-04 23:32:50,203 - etl_batch.loaders.simple_loader - INFO -    ↳ 295,000 / 577,640 registros insertados...
2026-01-04 23:32:52,468 - etl_batch.loaders.simple_loader - INFO -    ↳ 300,000 / 577,640 registros insertados...
2026-01-04 23:32:54,895 - etl_batch.loaders.simple_loader - INFO -    ↳ 305,000 / 577,640 registros insertados...
2026-01-04 23:32:57,046 - etl_batch.loaders.simple_loader - INFO -    ↳ 310,000 / 577,640 registros insertados...
2026-01-04 23:32:59,332 - etl_batch.loaders.simple_loader - INFO -    ↳ 315,000 / 577,640 registros insertados...
2026-01-04 23:33:01,541 - etl_batch.loaders.simple_loader - INFO -    ↳ 320,000 / 577,640 registros insertados...
2026-01-04 23:33:04,144 - etl_batch.loaders.simple_loader - INFO -    ↳ 325,000 / 577,640 registros insertados...
2026-01-04 23:33:06,509 - etl_batch.loaders.simple_loader - INFO -    ↳ 330,000 / 577,640 registros insertados...
2026-01-04 23:33:09,273 - etl_batch.loaders.simple_loader - INFO -    ↳ 335,000 / 577,640 registros insertados...
2026-01-04 23:33:11,609 - etl_batch.loaders.simple_loader - INFO -    ↳ 340,000 / 577,640 registros insertados...
2026-01-04 23:33:13,979 - etl_batch.loaders.simple_loader - INFO -    ↳ 345,000 / 577,640 registros insertados...
2026-01-04 23:33:16,324 - etl_batch.loaders.simple_loader - INFO -    ↳ 350,000 / 577,640 registros insertados...
2026-01-04 23:33:18,673 - etl_batch.loaders.simple_loader - INFO -    ↳ 355,000 / 577,640 registros insertados...
2026-01-04 23:33:21,095 - etl_batch.loaders.simple_loader - INFO -    ↳ 360,000 / 577,640 registros insertados...
2026-01-04 23:33:23,530 - etl_batch.loaders.simple_loader - INFO -    ↳ 365,000 / 577,640 registros insertados...
2026-01-04 23:33:25,840 - etl_batch.loaders.simple_loader - INFO -    ↳ 370,000 / 577,640 registros insertados...
2026-01-04 23:33:28,105 - etl_batch.loaders.simple_loader - INFO -    ↳ 375,000 / 577,640 registros insertados...
2026-01-04 23:33:30,444 - etl_batch.loaders.simple_loader - INFO -    ↳ 380,000 / 577,640 registros insertados...
2026-01-04 23:33:32,693 - etl_batch.loaders.simple_loader - INFO -    ↳ 385,000 / 577,640 registros insertados...
2026-01-04 23:33:35,043 - etl_batch.loaders.simple_loader - INFO -    ↳ 390,000 / 577,640 registros insertados...
2026-01-04 23:33:37,227 - etl_batch.loaders.simple_loader - INFO -    ↳ 395,000 / 577,640 registros insertados...
2026-01-04 23:33:39,539 - etl_batch.loaders.simple_loader - INFO -    ↳ 400,000 / 577,640 registros insertados...
2026-01-04 23:33:41,940 - etl_batch.loaders.simple_loader - INFO -    ↳ 405,000 / 577,640 registros insertados...
2026-01-04 23:33:44,264 - etl_batch.loaders.simple_loader - INFO -    ↳ 410,000 / 577,640 registros insertados...
2026-01-04 23:33:46,920 - etl_batch.loaders.simple_loader - INFO -    ↳ 415,000 / 577,640 registros insertados...
2026-01-04 23:33:49,665 - etl_batch.loaders.simple_loader - INFO -    ↳ 420,000 / 577,640 registros insertados...
2026-01-04 23:33:52,120 - etl_batch.loaders.simple_loader - INFO -    ↳ 425,000 / 577,640 registros insertados...
2026-01-04 23:33:54,326 - etl_batch.loaders.simple_loader - INFO -    ↳ 430,000 / 577,640 registros insertados...
2026-01-04 23:33:56,641 - etl_batch.loaders.simple_loader - INFO -    ↳ 435,000 / 577,640 registros insertados...
2026-01-04 23:33:58,949 - etl_batch.loaders.simple_loader - INFO -    ↳ 440,000 / 577,640 registros insertados...
2026-01-04 23:34:01,426 - etl_batch.loaders.simple_loader - INFO -    ↳ 445,000 / 577,640 registros insertados...
2026-01-04 23:34:03,789 - etl_batch.loaders.simple_loader - INFO -    ↳ 450,000 / 577,640 registros insertados...
2026-01-04 23:34:06,217 - etl_batch.loaders.simple_loader - INFO -    ↳ 455,000 / 577,640 registros insertados...
2026-01-04 23:34:08,618 - etl_batch.loaders.simple_loader - INFO -    ↳ 460,000 / 577,640 registros insertados...
2026-01-04 23:34:11,321 - etl_batch.loaders.simple_loader - INFO -    ↳ 465,000 / 577,640 registros insertados...
2026-01-04 23:34:13,875 - etl_batch.loaders.simple_loader - INFO -    ↳ 470,000 / 577,640 registros insertados...
2026-01-04 23:34:16,419 - etl_batch.loaders.simple_loader - INFO -    ↳ 475,000 / 577,640 registros insertados...
2026-01-04 23:34:18,979 - etl_batch.loaders.simple_loader - INFO -    ↳ 480,000 / 577,640 registros insertados...
2026-01-04 23:34:21,374 - etl_batch.loaders.simple_loader - INFO -    ↳ 485,000 / 577,640 registros insertados...
2026-01-04 23:34:23,711 - etl_batch.loaders.simple_loader - INFO -    ↳ 490,000 / 577,640 registros insertados...
2026-01-04 23:34:26,025 - etl_batch.loaders.simple_loader - INFO -    ↳ 495,000 / 577,640 registros insertados...
2026-01-04 23:34:28,593 - etl_batch.loaders.simple_loader - INFO -    ↳ 500,000 / 577,640 registros insertados...
2026-01-04 23:34:30,897 - etl_batch.loaders.simple_loader - INFO -    ↳ 505,000 / 577,640 registros insertados...
2026-01-04 23:34:33,347 - etl_batch.loaders.simple_loader - INFO -    ↳ 510,000 / 577,640 registros insertados...
2026-01-04 23:34:35,786 - etl_batch.loaders.simple_loader - INFO -    ↳ 515,000 / 577,640 registros insertados...
2026-01-04 23:34:38,368 - etl_batch.loaders.simple_loader - INFO -    ↳ 520,000 / 577,640 registros insertados...
2026-01-04 23:34:40,744 - etl_batch.loaders.simple_loader - INFO -    ↳ 525,000 / 577,640 registros insertados...
2026-01-04 23:34:43,310 - etl_batch.loaders.simple_loader - INFO -    ↳ 530,000 / 577,640 registros insertados...
2026-01-04 23:34:45,850 - etl_batch.loaders.simple_loader - INFO -    ↳ 535,000 / 577,640 registros insertados...
2026-01-04 23:34:48,485 - etl_batch.loaders.simple_loader - INFO -    ↳ 540,000 / 577,640 registros insertados...
2026-01-04 23:34:50,813 - etl_batch.loaders.simple_loader - INFO -    ↳ 545,000 / 577,640 registros insertados...
2026-01-04 23:34:53,320 - etl_batch.loaders.simple_loader - INFO -    ↳ 550,000 / 577,640 registros insertados...
2026-01-04 23:34:55,635 - etl_batch.loaders.simple_loader - INFO -    ↳ 555,000 / 577,640 registros insertados...
2026-01-04 23:34:57,875 - etl_batch.loaders.simple_loader - INFO -    ↳ 560,000 / 577,640 registros insertados...
2026-01-04 23:35:00,131 - etl_batch.loaders.simple_loader - INFO -    ↳ 565,000 / 577,640 registros insertados...
2026-01-04 23:35:02,711 - etl_batch.loaders.simple_loader - INFO -    ↳ 570,000 / 577,640 registros insertados...
2026-01-04 23:35:05,085 - etl_batch.loaders.simple_loader - INFO -    ↳ 575,000 / 577,640 registros insertados...
2026-01-04 23:35:06,463 - etl_batch.loaders.simple_loader - INFO - ✅ fact_transacciones: 577,640 registros cargados exitosamente
2026-01-04 23:35:06,511 - __main__ - INFO - ✅ fact_transacciones: 577,640 registros cargados
2026-01-04 23:35:06,542 - __main__ - INFO - 
============================================================
2026-01-04 23:35:06,543 - __main__ - INFO - 📊 Procesando FACT: fact_balance
2026-01-04 23:35:06,543 - __main__ - INFO - ============================================================
2026-01-04 23:35:06,544 - etl_batch.transformers.complete_fact_builder - INFO - 📊 Construyendo fact_balance desde fact_transacciones...
/root/PuntaFina_DW_Oro/etl_batch/transformers/complete_fact_builder.py:389: UserWarning: pandas only supports SQLAlchemy connectable (engine/connection) or database string URI or sqlite3 DBAPI2 connection. Other DBAPI2 objects are not tested. Please consider using SQLAlchemy.
  df = pd.read_sql_query(query, self.dw_conn)
2026-01-04 23:35:07,356 - etl_batch.transformers.complete_fact_builder - INFO - ✓ fact_balance: 210 registros agregados
2026-01-04 23:35:07,357 - etl_batch.transformers.complete_fact_builder - INFO -    Períodos: 35, Cuentas: 6
2026-01-04 23:35:07,379 - __main__ - INFO - 💾 Guardado: data/processed/fact_balance.parquet (210 registros)
2026-01-04 23:35:07,487 - etl_batch.loaders.simple_loader - INFO - 🗑️  Truncando tabla fact_balance...
2026-01-04 23:35:07,598 - etl_batch.loaders.simple_loader - INFO - ✅ fact_balance: 210 registros cargados exitosamente
2026-01-04 23:35:07,599 - __main__ - INFO - ✅ fact_balance: 210 registros cargados
2026-01-04 23:35:07,600 - __main__ - INFO - 
============================================================
2026-01-04 23:35:07,600 - __main__ - INFO - 📊 Procesando FACT: fact_estado_resultados
2026-01-04 23:35:07,601 - __main__ - INFO - ============================================================
2026-01-04 23:35:07,603 - etl_batch.transformers.complete_fact_builder - INFO - 📈 Construyendo fact_estado_resultados desde fact_transacciones...
/root/PuntaFina_DW_Oro/etl_batch/transformers/complete_fact_builder.py:454: UserWarning: pandas only supports SQLAlchemy connectable (engine/connection) or database string URI or sqlite3 DBAPI2 connection. Other DBAPI2 objects are not tested. Please consider using SQLAlchemy.
  df = pd.read_sql_query(query, self.dw_conn)
2026-01-04 23:35:08,997 - etl_batch.transformers.complete_fact_builder - INFO - ✓ fact_estado_resultados: 70 registros agregados
2026-01-04 23:35:08,999 - etl_batch.transformers.complete_fact_builder - INFO -    Períodos: 35, Cuentas: 2
2026-01-04 23:35:09,009 - __main__ - INFO - 💾 Guardado: data/processed/fact_estado_resultados.parquet (70 registros)
2026-01-04 23:35:09,051 - etl_batch.loaders.simple_loader - INFO - 🗑️  Truncando tabla fact_estado_resultados...
2026-01-04 23:35:09,095 - etl_batch.loaders.simple_loader - INFO - ✅ fact_estado_resultados: 70 registros cargados exitosamente
2026-01-04 23:35:09,096 - __main__ - INFO - ✅ fact_estado_resultados: 70 registros cargados
2026-01-04 23:35:09,097 - __main__ - INFO - 
================================================================================
2026-01-04 23:35:09,098 - __main__ - INFO - ✅ ETL COMPLETO FINALIZADO
2026-01-04 23:35:09,099 - __main__ - INFO - ================================================================================
2026-01-04 23:35:09,099 - __main__ - INFO - ⏱️  Tiempo total: 609.55 segundos
2026-01-04 23:35:09,100 - __main__ - INFO - 📊 Verificar resultados con: python scripts/validate_dw_structure.py
2026-01-04 23:35:09,103 - __main__ - INFO - ================================================================================
